2026-10-07 12:40:49,462 | INFO | HTTP Request: GET https://huggingface.co/api/models/microsoft/trocr-base-handwritten/revision/main "HTTP/1.1 200 OK"
2026-10-07 12:40:50,112 | INFO | HTTP Request: GET https://huggingface.co/api/models/microsoft/trocr-base-handwritten/tree/main/additional_chat_templates?recursive=false&expand=false "HTTP/1.1 404 Not Found"
2026-10-07 12:40:50,962 | INFO | HTTP Request: HEAD https://huggingface.co/microsoft/trocr-base-handwritten/resolve/eaacaf452b06415df8f10bb6fad3a4c11e609406/processor_config.json "HTTP/1.1 404 Not Found"
2026-10-07 12:40:51,311 | INFO | HTTP Request: HEAD https://huggingface.co/microsoft/trocr-base-handwritten/resolve/eaacaf452b06415df8f10bb6fad3a4c11e609406/chat_template.json "HTTP/1.1 404 Not Found"
2026-10-07 12:40:51,312 | WARNING | Warning: You are sending unauthenticated requests to the HF Hub. Please set a HF_TOKEN to enable higher rate limits and faster downloads.
2026-10-07 12:40:51,671 | INFO | HTTP Request: HEAD https://huggingface.co/microsoft/trocr-base-handwritten/resolve/eaacaf452b06415df8f10bb6fad3a4c11e609406/chat_template.jinja "HTTP/1.1 404 Not Found"
2026-10-07 12:40:52,032 | INFO | HTTP Request: HEAD https://huggingface.co/microsoft/trocr-base-handwritten/resolve/eaacaf452b06415df8f10bb6fad3a4c11e609406/audio_tokenizer_config.json "HTTP/1.1 404 Not Found"
2026-10-07 12:40:52,425 | INFO | HTTP Request: HEAD https://huggingface.co/microsoft/trocr-base-handwritten/resolve/eaacaf452b06415df8f10bb6fad3a4c11e609406/preprocessor_config.json "HTTP/1.1 307 Temporary Redirect"
2026-10-07 12:40:52,532 | INFO | HTTP Request: HEAD https://huggingface.co/api/resolve-cache/models/microsoft/trocr-base-handwritten/eaacaf452b06415df8f10bb6fad3a4c11e609406/preprocessor_config.json?%2Fmicrosoft%2Ftrocr-base-handwritten%2Fresolve%2Feaacaf452b06415df8f10bb6fad3a4c11e609406%2Fpreprocessor_config.json=&etag=%22f6f37e38a43eb75f83f8413557dd71ec2168185b%22 "HTTP/1.1 200 OK"
2026-10-07 12:40:52,641 | INFO | HTTP Request: GET https://huggingface.co/api/resolve-cache/models/microsoft/trocr-base-handwritten/eaacaf452b06415df8f10bb6fad3a4c11e609406/preprocessor_config.json?%2Fmicrosoft%2Ftrocr-base-handwritten%2Fresolve%2Feaacaf452b06415df8f10bb6fad3a4c11e609406%2Fpreprocessor_config.json=&etag=%22f6f37e38a43eb75f83f8413557dd71ec2168185b%22 "HTTP/1.1 200 OK"
2026-10-07 12:40:53,089 | INFO | HTTP Request: HEAD https://huggingface.co/microsoft/trocr-base-handwritten/resolve/eaacaf452b06415df8f10bb6fad3a4c11e609406/config.json "HTTP/1.1 307 Temporary Redirect"
2026-10-07 12:40:53,181 | INFO | HTTP Request: HEAD https://huggingface.co/api/resolve-cache/models/microsoft/trocr-base-handwritten/eaacaf452b06415df8f10bb6fad3a4c11e609406/config.json?%2Fmicrosoft%2Ftrocr-base-handwritten%2Fresolve%2Feaacaf452b06415df8f10bb6fad3a4c11e609406%2Fconfig.json=&etag=%2277ca481534a03a5050a452b5e66eeb6b33655cef%22 "HTTP/1.1 200 OK"
2026-10-07 12:40:53,280 | INFO | HTTP Request: GET https://huggingface.co/api/resolve-cache/models/microsoft/trocr-base-handwritten/eaacaf452b06415df8f10bb6fad3a4c11e609406/config.json?%2Fmicrosoft%2Ftrocr-base-handwritten%2Fresolve%2Feaacaf452b06415df8f10bb6fad3a4c11e609406%2Fconfig.json=&etag=%2277ca481534a03a5050a452b5e66eeb6b33655cef%22 "HTTP/1.1 200 OK"
2026-10-07 12:40:53,680 | INFO | HTTP Request: HEAD https://huggingface.co/microsoft/trocr-base-handwritten/resolve/eaacaf452b06415df8f10bb6fad3a4c11e609406/tokenizer_config.json "HTTP/1.1 307 Temporary Redirect"
2026-10-07 12:40:53,767 | INFO | HTTP Request: HEAD https://huggingface.co/api/resolve-cache/models/microsoft/trocr-base-handwritten/eaacaf452b06415df8f10bb6fad3a4c11e609406/tokenizer_config.json?%2Fmicrosoft%2Ftrocr-base-handwritten%2Fresolve%2Feaacaf452b06415df8f10bb6fad3a4c11e609406%2Ftokenizer_config.json=&etag=%228a1587ff662748498a14db272b5c3eb58ec7da95%22 "HTTP/1.1 200 OK"
2026-10-07 12:40:53,864 | INFO | HTTP Request: GET https://huggingface.co/api/resolve-cache/models/microsoft/trocr-base-handwritten/eaacaf452b06415df8f10bb6fad3a4c11e609406/tokenizer_config.json?%2Fmicrosoft%2Ftrocr-base-handwritten%2Fresolve%2Feaacaf452b06415df8f10bb6fad3a4c11e609406%2Ftokenizer_config.json=&etag=%228a1587ff662748498a14db272b5c3eb58ec7da95%22 "HTTP/1.1 200 OK"
2026-10-07 12:40:54,461 | INFO | HTTP Request: GET https://huggingface.co/api/models/microsoft/trocr-base-handwritten/tree/main/additional_chat_templates?recursive=false&expand=false "HTTP/1.1 404 Not Found"
2026-10-07 12:40:54,818 | INFO | HTTP Request: GET https://huggingface.co/api/models/microsoft/trocr-base-handwritten/tree/main?recursive=true&expand=false "HTTP/1.1 200 OK"
2026-10-07 12:40:55,173 | INFO | HTTP Request: HEAD https://huggingface.co/microsoft/trocr-base-handwritten/resolve/eaacaf452b06415df8f10bb6fad3a4c11e609406/vocab.json "HTTP/1.1 307 Temporary Redirect"
2026-10-07 12:40:55,278 | INFO | HTTP Request: HEAD https://huggingface.co/api/resolve-cache/models/microsoft/trocr-base-handwritten/eaacaf452b06415df8f10bb6fad3a4c11e609406/vocab.json?%2Fmicrosoft%2Ftrocr-base-handwritten%2Fresolve%2Feaacaf452b06415df8f10bb6fad3a4c11e609406%2Fvocab.json=&etag=%220a39732b2d8be8e493cab3da68b68cc3e28221de%22 "HTTP/1.1 200 OK"
2026-10-07 12:40:55,406 | INFO | HTTP Request: GET https://huggingface.co/api/resolve-cache/models/microsoft/trocr-base-handwritten/eaacaf452b06415df8f10bb6fad3a4c11e609406/vocab.json?%2Fmicrosoft%2Ftrocr-base-handwritten%2Fresolve%2Feaacaf452b06415df8f10bb6fad3a4c11e609406%2Fvocab.json=&etag=%220a39732b2d8be8e493cab3da68b68cc3e28221de%22 "HTTP/1.1 200 OK"
2026-10-07 12:40:56,108 | INFO | HTTP Request: HEAD https://huggingface.co/microsoft/trocr-base-handwritten/resolve/eaacaf452b06415df8f10bb6fad3a4c11e609406/merges.txt "HTTP/1.1 307 Temporary Redirect"
2026-10-07 12:40:56,197 | INFO | HTTP Request: HEAD https://huggingface.co/api/resolve-cache/models/microsoft/trocr-base-handwritten/eaacaf452b06415df8f10bb6fad3a4c11e609406/merges.txt?%2Fmicrosoft%2Ftrocr-base-handwritten%2Fresolve%2Feaacaf452b06415df8f10bb6fad3a4c11e609406%2Fmerges.txt=&etag=%22226b0752cac7789c48f0cb3ec53eda48b7be36cc%22 "HTTP/1.1 200 OK"
2026-10-07 12:40:56,306 | INFO | HTTP Request: GET https://huggingface.co/api/resolve-cache/models/microsoft/trocr-base-handwritten/eaacaf452b06415df8f10bb6fad3a4c11e609406/merges.txt?%2Fmicrosoft%2Ftrocr-base-handwritten%2Fresolve%2Feaacaf452b06415df8f10bb6fad3a4c11e609406%2Fmerges.txt=&etag=%22226b0752cac7789c48f0cb3ec53eda48b7be36cc%22 "HTTP/1.1 200 OK"
2026-10-07 12:40:56,703 | INFO | HTTP Request: HEAD https://huggingface.co/microsoft/trocr-base-handwritten/resolve/eaacaf452b06415df8f10bb6fad3a4c11e609406/tokenizer.json "HTTP/1.1 404 Not Found"
2026-10-07 12:40:57,057 | INFO | HTTP Request: HEAD https://huggingface.co/microsoft/trocr-base-handwritten/resolve/eaacaf452b06415df8f10bb6fad3a4c11e609406/added_tokens.json "HTTP/1.1 404 Not Found"
2026-10-07 12:40:57,433 | INFO | HTTP Request: HEAD https://huggingface.co/microsoft/trocr-base-handwritten/resolve/eaacaf452b06415df8f10bb6fad3a4c11e609406/special_tokens_map.json "HTTP/1.1 307 Temporary Redirect"
2026-10-07 12:40:57,526 | INFO | HTTP Request: HEAD https://huggingface.co/api/resolve-cache/models/microsoft/trocr-base-handwritten/eaacaf452b06415df8f10bb6fad3a4c11e609406/special_tokens_map.json?%2Fmicrosoft%2Ftrocr-base-handwritten%2Fresolve%2Feaacaf452b06415df8f10bb6fad3a4c11e609406%2Fspecial_tokens_map.json=&etag=%22e97d1993365bb21c88f390e8703e4c1af564821f%22 "HTTP/1.1 200 OK"
2026-10-07 12:40:57,629 | INFO | HTTP Request: GET https://huggingface.co/api/resolve-cache/models/microsoft/trocr-base-handwritten/eaacaf452b06415df8f10bb6fad3a4c11e609406/special_tokens_map.json?%2Fmicrosoft%2Ftrocr-base-handwritten%2Fresolve%2Feaacaf452b06415df8f10bb6fad3a4c11e609406%2Fspecial_tokens_map.json=&etag=%22e97d1993365bb21c88f390e8703e4c1af564821f%22 "HTTP/1.1 200 OK"
2026-10-07 12:40:58,251 | INFO | HTTP Request: GET https://huggingface.co/api/models/microsoft/trocr-base-handwritten/revision/main "HTTP/1.1 200 OK"
2026-10-07 12:40:58,658 | INFO | HTTP Request: HEAD https://huggingface.co/microsoft/trocr-base-handwritten/resolve/eaacaf452b06415df8f10bb6fad3a4c11e609406/model.safetensors "HTTP/1.1 302 Found"
2026-10-07 12:40:59,326 | INFO | HTTP Request: GET https://huggingface.co/api/models/microsoft/trocr-base-handwritten/xet-read-token/eaacaf452b06415df8f10bb6fad3a4c11e609406 "HTTP/1.1 200 OK"
2026-10-07 12:43:37,437 | INFO | HTTP Request: HEAD https://huggingface.co/microsoft/trocr-base-handwritten/resolve/eaacaf452b06415df8f10bb6fad3a4c11e609406/generation_config.json "HTTP/1.1 307 Temporary Redirect"
2026-10-07 12:43:37,566 | INFO | HTTP Request: HEAD https://huggingface.co/api/resolve-cache/models/microsoft/trocr-base-handwritten/eaacaf452b06415df8f10bb6fad3a4c11e609406/generation_config.json?%2Fmicrosoft%2Ftrocr-base-handwritten%2Fresolve%2Feaacaf452b06415df8f10bb6fad3a4c11e609406%2Fgeneration_config.json=&etag=%22209d1d39a6767d115b4ebff7ba46fe9c1739e90e%22 "HTTP/1.1 200 OK"
2026-10-07 12:43:37,681 | INFO | HTTP Request: GET https://huggingface.co/api/resolve-cache/models/microsoft/trocr-base-handwritten/eaacaf452b06415df8f10bb6fad3a4c11e609406/generation_config.json?%2Fmicrosoft%2Ftrocr-base-handwritten%2Fresolve%2Feaacaf452b06415df8f10bb6fad3a4c11e609406%2Fgeneration_config.json=&etag=%22209d1d39a6767d115b4ebff7ba46fe9c1739e90e%22 "HTTP/1.1 200 OK"
2026-10-07 12:43:37,735 | INFO | Model loaded from microsoft/trocr-base-handwritten on cpu
2026-10-07 12:56:33,137 | INFO | Page transcribed: 1 lines in 154.03s
2026-10-07 12:58:30,400 | INFO | Page transcribed: 1 lines in 36.11s
2026-10-07 13:09:17,722 | INFO | Page transcribed: 12 lines in 1120.22s
2026-10-07 13:31:03,831 | INFO | HTTP Request: GET https://huggingface.co/api/models/microsoft/trocr-base-handwritten/revision/main "HTTP/1.1 200 OK"
2026-10-07 13:31:04,239 | INFO | HTTP Request: GET https://huggingface.co/api/models/microsoft/trocr-base-handwritten/tree/main/additional_chat_templates?recursive=false&expand=false "HTTP/1.1 404 Not Found"
2026-10-07 13:31:04,956 | INFO | HTTP Request: GET https://huggingface.co/api/models/microsoft/trocr-base-handwritten/tree/main/additional_chat_templates?recursive=false&expand=false "HTTP/1.1 404 Not Found"
2026-10-07 13:31:05,363 | INFO | HTTP Request: GET https://huggingface.co/api/models/microsoft/trocr-base-handwritten/tree/main?recursive=true&expand=false "HTTP/1.1 200 OK"
2026-10-07 13:31:06,357 | INFO | HTTP Request: GET https://huggingface.co/api/models/microsoft/trocr-base-handwritten/revision/main "HTTP/1.1 200 OK"
2026-10-07 13:31:17,109 | INFO | Model loaded from microsoft/trocr-base-handwritten on cpu
2026-10-07 13:36:27,128 | INFO | Page transcribed: 1 lines in 204.00s
2026-10-07 13:37:31,326 | INFO | Page transcribed: 1 lines in 105.72s
2026-10-07 13:38:30,999 | INFO | Page transcribed: 1 lines in 20.39s
2026-10-07 13:43:09,370 | INFO | Page transcribed: 12 lines in 2586.65s
2026-10-07 13:57:13,454 | INFO | Page transcribed: 6 lines in 198.30s
2026-10-07 14:34:43,047 | INFO | HTTP Request: GET https://huggingface.co/api/models/microsoft/trocr-base-handwritten/revision/main "HTTP/1.1 200 OK"
2026-10-07 14:34:43,473 | INFO | HTTP Request: GET https://huggingface.co/api/models/microsoft/trocr-base-handwritten/tree/main/additional_chat_templates?recursive=false&expand=false "HTTP/1.1 404 Not Found"
2026-10-07 14:34:44,390 | INFO | HTTP Request: GET https://huggingface.co/api/models/microsoft/trocr-base-handwritten/tree/main/additional_chat_templates?recursive=false&expand=false "HTTP/1.1 404 Not Found"
2026-10-07 14:34:44,774 | INFO | HTTP Request: GET https://huggingface.co/api/models/microsoft/trocr-base-handwritten/tree/main?recursive=true&expand=false "HTTP/1.1 200 OK"
2026-10-07 14:34:45,415 | INFO | HTTP Request: GET https://huggingface.co/api/models/microsoft/trocr-base-handwritten/revision/main "HTTP/1.1 200 OK"
2026-10-07 14:34:50,828 | INFO | Model loaded from microsoft/trocr-base-handwritten on cpu
2026-10-07 14:37:46,264 | INFO | Page transcribed: 6 lines in 74.99s
2026-10-07 14:56:56,161 | INFO | Model loaded from microsoft/trocr-large-handwritten on cpu
2026-10-07 15:03:11,938 | INFO | HTTP Request: GET https://huggingface.co/api/models/microsoft/trocr-large-handwritten/revision/main "HTTP/1.1 200 OK"
2026-10-07 15:03:12,446 | INFO | HTTP Request: GET https://huggingface.co/api/models/microsoft/trocr-large-handwritten/tree/main/additional_chat_templates?recursive=false&expand=false "HTTP/1.1 404 Not Found"
2026-10-07 15:03:12,882 | INFO | HTTP Request: HEAD https://huggingface.co/microsoft/trocr-large-handwritten/resolve/e68501f437cd2587ae5d68ee457964cac824ddee/processor_config.json "HTTP/1.1 404 Not Found"
2026-10-07 15:03:13,363 | INFO | HTTP Request: HEAD https://huggingface.co/microsoft/trocr-large-handwritten/resolve/e68501f437cd2587ae5d68ee457964cac824ddee/chat_template.json "HTTP/1.1 404 Not Found"
2026-10-07 15:03:13,363 | WARNING | Warning: You are sending unauthenticated requests to the HF Hub. Please set a HF_TOKEN to enable higher rate limits and faster downloads.
2026-10-07 15:03:13,872 | INFO | HTTP Request: HEAD https://huggingface.co/microsoft/trocr-large-handwritten/resolve/e68501f437cd2587ae5d68ee457964cac824ddee/chat_template.jinja "HTTP/1.1 404 Not Found"
2026-10-07 15:03:14,382 | INFO | HTTP Request: HEAD https://huggingface.co/microsoft/trocr-large-handwritten/resolve/e68501f437cd2587ae5d68ee457964cac824ddee/audio_tokenizer_config.json "HTTP/1.1 404 Not Found"
2026-10-07 15:03:14,896 | INFO | HTTP Request: HEAD https://huggingface.co/microsoft/trocr-large-handwritten/resolve/e68501f437cd2587ae5d68ee457964cac824ddee/preprocessor_config.json "HTTP/1.1 307 Temporary Redirect"
2026-10-07 15:03:15,208 | INFO | HTTP Request: HEAD https://huggingface.co/api/resolve-cache/models/microsoft/trocr-large-handwritten/e68501f437cd2587ae5d68ee457964cac824ddee/preprocessor_config.json?%2Fmicrosoft%2Ftrocr-large-handwritten%2Fresolve%2Fe68501f437cd2587ae5d68ee457964cac824ddee%2Fpreprocessor_config.json=&etag=%22f6f37e38a43eb75f83f8413557dd71ec2168185b%22 "HTTP/1.1 200 OK"
2026-10-07 15:03:15,504 | INFO | HTTP Request: GET https://huggingface.co/api/resolve-cache/models/microsoft/trocr-large-handwritten/e68501f437cd2587ae5d68ee457964cac824ddee/preprocessor_config.json?%2Fmicrosoft%2Ftrocr-large-handwritten%2Fresolve%2Fe68501f437cd2587ae5d68ee457964cac824ddee%2Fpreprocessor_config.json=&etag=%22f6f37e38a43eb75f83f8413557dd71ec2168185b%22 "HTTP/1.1 200 OK"
2026-10-07 15:03:16,127 | INFO | HTTP Request: HEAD https://huggingface.co/microsoft/trocr-large-handwritten/resolve/e68501f437cd2587ae5d68ee457964cac824ddee/config.json "HTTP/1.1 307 Temporary Redirect"
2026-10-07 15:03:16,639 | INFO | HTTP Request: HEAD https://huggingface.co/api/resolve-cache/models/microsoft/trocr-large-handwritten/e68501f437cd2587ae5d68ee457964cac824ddee/config.json?%2Fmicrosoft%2Ftrocr-large-handwritten%2Fresolve%2Fe68501f437cd2587ae5d68ee457964cac824ddee%2Fconfig.json=&etag=%227108988dd7fc02083b7011c3081ae8757fbe0177%22 "HTTP/1.1 200 OK"
2026-10-07 15:03:17,265 | INFO | HTTP Request: GET https://huggingface.co/api/resolve-cache/models/microsoft/trocr-large-handwritten/e68501f437cd2587ae5d68ee457964cac824ddee/config.json?%2Fmicrosoft%2Ftrocr-large-handwritten%2Fresolve%2Fe68501f437cd2587ae5d68ee457964cac824ddee%2Fconfig.json=&etag=%227108988dd7fc02083b7011c3081ae8757fbe0177%22 "HTTP/1.1 200 OK"
2026-10-07 15:03:17,873 | INFO | HTTP Request: HEAD https://huggingface.co/microsoft/trocr-large-handwritten/resolve/e68501f437cd2587ae5d68ee457964cac824ddee/tokenizer_config.json "HTTP/1.1 307 Temporary Redirect"
2026-10-07 15:03:18,167 | INFO | HTTP Request: HEAD https://huggingface.co/api/resolve-cache/models/microsoft/trocr-large-handwritten/e68501f437cd2587ae5d68ee457964cac824ddee/tokenizer_config.json?%2Fmicrosoft%2Ftrocr-large-handwritten%2Fresolve%2Fe68501f437cd2587ae5d68ee457964cac824ddee%2Ftokenizer_config.json=&etag=%228a1587ff662748498a14db272b5c3eb58ec7da95%22 "HTTP/1.1 200 OK"
2026-10-07 15:03:18,478 | INFO | HTTP Request: GET https://huggingface.co/api/resolve-cache/models/microsoft/trocr-large-handwritten/e68501f437cd2587ae5d68ee457964cac824ddee/tokenizer_config.json?%2Fmicrosoft%2Ftrocr-large-handwritten%2Fresolve%2Fe68501f437cd2587ae5d68ee457964cac824ddee%2Ftokenizer_config.json=&etag=%228a1587ff662748498a14db272b5c3eb58ec7da95%22 "HTTP/1.1 200 OK"
2026-10-07 15:03:18,994 | INFO | HTTP Request: GET https://huggingface.co/api/models/microsoft/trocr-large-handwritten/tree/main/additional_chat_templates?recursive=false&expand=false "HTTP/1.1 404 Not Found"
2026-10-07 15:03:19,503 | INFO | HTTP Request: GET https://huggingface.co/api/models/microsoft/trocr-large-handwritten/tree/main?recursive=true&expand=false "HTTP/1.1 200 OK"
2026-10-07 15:03:20,045 | INFO | HTTP Request: HEAD https://huggingface.co/microsoft/trocr-large-handwritten/resolve/e68501f437cd2587ae5d68ee457964cac824ddee/vocab.json "HTTP/1.1 307 Temporary Redirect"
2026-10-07 15:03:20,323 | INFO | HTTP Request: HEAD https://huggingface.co/api/resolve-cache/models/microsoft/trocr-large-handwritten/e68501f437cd2587ae5d68ee457964cac824ddee/vocab.json?%2Fmicrosoft%2Ftrocr-large-handwritten%2Fresolve%2Fe68501f437cd2587ae5d68ee457964cac824ddee%2Fvocab.json=&etag=%220a39732b2d8be8e493cab3da68b68cc3e28221de%22 "HTTP/1.1 200 OK"
2026-10-07 15:03:20,632 | INFO | HTTP Request: GET https://huggingface.co/api/resolve-cache/models/microsoft/trocr-large-handwritten/e68501f437cd2587ae5d68ee457964cac824ddee/vocab.json?%2Fmicrosoft%2Ftrocr-large-handwritten%2Fresolve%2Fe68501f437cd2587ae5d68ee457964cac824ddee%2Fvocab.json=&etag=%220a39732b2d8be8e493cab3da68b68cc3e28221de%22 "HTTP/1.1 200 OK"
2026-10-07 15:03:22,372 | INFO | HTTP Request: HEAD https://huggingface.co/microsoft/trocr-large-handwritten/resolve/e68501f437cd2587ae5d68ee457964cac824ddee/merges.txt "HTTP/1.1 307 Temporary Redirect"
2026-10-07 15:03:22,679 | INFO | HTTP Request: HEAD https://huggingface.co/api/resolve-cache/models/microsoft/trocr-large-handwritten/e68501f437cd2587ae5d68ee457964cac824ddee/merges.txt?%2Fmicrosoft%2Ftrocr-large-handwritten%2Fresolve%2Fe68501f437cd2587ae5d68ee457964cac824ddee%2Fmerges.txt=&etag=%22226b0752cac7789c48f0cb3ec53eda48b7be36cc%22 "HTTP/1.1 200 OK"
2026-10-07 15:03:22,978 | INFO | HTTP Request: GET https://huggingface.co/api/resolve-cache/models/microsoft/trocr-large-handwritten/e68501f437cd2587ae5d68ee457964cac824ddee/merges.txt?%2Fmicrosoft%2Ftrocr-large-handwritten%2Fresolve%2Fe68501f437cd2587ae5d68ee457964cac824ddee%2Fmerges.txt=&etag=%22226b0752cac7789c48f0cb3ec53eda48b7be36cc%22 "HTTP/1.1 200 OK"
2026-10-07 15:03:23,690 | INFO | HTTP Request: HEAD https://huggingface.co/microsoft/trocr-large-handwritten/resolve/e68501f437cd2587ae5d68ee457964cac824ddee/tokenizer.json "HTTP/1.1 404 Not Found"
2026-10-07 15:03:24,212 | INFO | HTTP Request: HEAD https://huggingface.co/microsoft/trocr-large-handwritten/resolve/e68501f437cd2587ae5d68ee457964cac824ddee/added_tokens.json "HTTP/1.1 404 Not Found"
2026-10-07 15:03:24,719 | INFO | HTTP Request: HEAD https://huggingface.co/microsoft/trocr-large-handwritten/resolve/e68501f437cd2587ae5d68ee457964cac824ddee/special_tokens_map.json "HTTP/1.1 307 Temporary Redirect"
2026-10-07 15:03:25,024 | INFO | HTTP Request: HEAD https://huggingface.co/api/resolve-cache/models/microsoft/trocr-large-handwritten/e68501f437cd2587ae5d68ee457964cac824ddee/special_tokens_map.json?%2Fmicrosoft%2Ftrocr-large-handwritten%2Fresolve%2Fe68501f437cd2587ae5d68ee457964cac824ddee%2Fspecial_tokens_map.json=&etag=%22e97d1993365bb21c88f390e8703e4c1af564821f%22 "HTTP/1.1 200 OK"
2026-10-07 15:03:25,351 | INFO | HTTP Request: GET https://huggingface.co/api/resolve-cache/models/microsoft/trocr-large-handwritten/e68501f437cd2587ae5d68ee457964cac824ddee/special_tokens_map.json?%2Fmicrosoft%2Ftrocr-large-handwritten%2Fresolve%2Fe68501f437cd2587ae5d68ee457964cac824ddee%2Fspecial_tokens_map.json=&etag=%22e97d1993365bb21c88f390e8703e4c1af564821f%22 "HTTP/1.1 200 OK"
2026-10-07 15:03:25,952 | INFO | HTTP Request: GET https://huggingface.co/api/models/microsoft/trocr-base-handwritten/revision/main "HTTP/1.1 200 OK"
2026-10-07 15:03:26,079 | INFO | HTTP Request: GET https://huggingface.co/api/models/microsoft/trocr-large-handwritten/revision/main "HTTP/1.1 200 OK"
2026-10-07 15:03:26,396 | INFO | HTTP Request: GET https://huggingface.co/api/models/microsoft/trocr-base-handwritten/tree/main/additional_chat_templates?recursive=false&expand=false "HTTP/1.1 404 Not Found"
2026-10-07 15:03:26,538 | INFO | HTTP Request: HEAD https://huggingface.co/microsoft/trocr-large-handwritten/resolve/e68501f437cd2587ae5d68ee457964cac824ddee/model.safetensors "HTTP/1.1 404 Not Found"
2026-10-07 15:03:26,971 | INFO | HTTP Request: GET https://huggingface.co/api/models/microsoft/trocr-base-handwritten/tree/main/additional_chat_templates?recursive=false&expand=false "HTTP/1.1 404 Not Found"
2026-10-07 15:03:26,975 | INFO | HTTP Request: HEAD https://huggingface.co/microsoft/trocr-large-handwritten/resolve/e68501f437cd2587ae5d68ee457964cac824ddee/model.safetensors.index.json "HTTP/1.1 404 Not Found"
2026-10-07 15:03:27,481 | INFO | HTTP Request: HEAD https://huggingface.co/microsoft/trocr-large-handwritten/resolve/e68501f437cd2587ae5d68ee457964cac824ddee/pytorch_model.bin "HTTP/1.1 302 Found"
2026-10-07 15:03:27,482 | INFO | HTTP Request: GET https://huggingface.co/api/models/microsoft/trocr-base-handwritten/tree/main?recursive=true&expand=false "HTTP/1.1 200 OK"
2026-10-07 15:03:28,203 | INFO | HTTP Request: GET https://huggingface.co/api/models/microsoft/trocr-base-handwritten/revision/main "HTTP/1.1 200 OK"
2026-10-07 15:03:28,204 | INFO | HTTP Request: GET https://huggingface.co/api/models/microsoft/trocr-large-handwritten/xet-read-token/e68501f437cd2587ae5d68ee457964cac824ddee "HTTP/1.1 200 OK"
2026-10-07 15:03:32,681 | INFO | Model loaded from microsoft/trocr-base-handwritten on cpu
2026-10-07 15:06:58,402 | INFO | Page transcribed: 4 lines in 64.58s
2026-10-07 15:08:48,859 | INFO | HTTP Request: HEAD https://huggingface.co/microsoft/trocr-large-handwritten/resolve/main/model.safetensors "HTTP/1.1 404 Not Found"
2026-10-07 15:08:49,318 | INFO | HTTP Request: GET https://huggingface.co/api/models/microsoft/trocr-large-handwritten "HTTP/1.1 200 OK"
2026-10-07 15:08:49,858 | INFO | HTTP Request: GET https://huggingface.co/api/models/microsoft/trocr-large-handwritten/commits/main "HTTP/1.1 200 OK"
2026-10-07 15:08:50,289 | INFO | HTTP Request: HEAD https://huggingface.co/microsoft/trocr-large-handwritten/resolve/e68501f437cd2587ae5d68ee457964cac824ddee/generation_config.json "HTTP/1.1 307 Temporary Redirect"
2026-10-07 15:08:50,312 | INFO | HTTP Request: GET https://huggingface.co/api/models/microsoft/trocr-large-handwritten/discussions?p=0 "HTTP/1.1 200 OK"
2026-10-07 15:08:50,872 | INFO | HTTP Request: GET https://huggingface.co/api/models/microsoft/trocr-large-handwritten/commits/refs%2Fpr%2F9 "HTTP/1.1 200 OK"
2026-10-07 15:08:51,380 | INFO | HTTP Request: HEAD https://huggingface.co/microsoft/trocr-large-handwritten/resolve/refs%2Fpr%2F9/model.safetensors.index.json "HTTP/1.1 404 Not Found"
2026-10-07 15:08:51,420 | INFO | HTTP Request: HEAD https://huggingface.co/api/resolve-cache/models/microsoft/trocr-large-handwritten/e68501f437cd2587ae5d68ee457964cac824ddee/generation_config.json?%2Fmicrosoft%2Ftrocr-large-handwritten%2Fresolve%2Fe68501f437cd2587ae5d68ee457964cac824ddee%2Fgeneration_config.json=&etag=%22209d1d39a6767d115b4ebff7ba46fe9c1739e90e%22 "HTTP/1.1 200 OK"
2026-10-07 15:08:51,817 | INFO | HTTP Request: HEAD https://huggingface.co/microsoft/trocr-large-handwritten/resolve/refs%2Fpr%2F9/model.safetensors "HTTP/1.1 302 Found"
2026-10-07 15:08:51,858 | INFO | HTTP Request: GET https://huggingface.co/api/resolve-cache/models/microsoft/trocr-large-handwritten/e68501f437cd2587ae5d68ee457964cac824ddee/generation_config.json?%2Fmicrosoft%2Ftrocr-large-handwritten%2Fresolve%2Fe68501f437cd2587ae5d68ee457964cac824ddee%2Fgeneration_config.json=&etag=%22209d1d39a6767d115b4ebff7ba46fe9c1739e90e%22 "HTTP/1.1 200 OK"
2026-10-07 15:08:51,901 | INFO | Model loaded from microsoft/trocr-large-handwritten on cpu
2026-10-07 15:08:52,314 | INFO | HTTP Request: GET https://huggingface.co/api/models/microsoft/trocr-large-handwritten/xet-read-token/527662d68af54ee865dcd503a72182afe47f96c4 "HTTP/1.1 200 OK"
2026-10-07 15:24:22,790 | INFO | Page transcribed: 8 lines in 160.76s
2026-10-07 16:19:18,931 | INFO | HTTP Request: GET https://huggingface.co/api/models/microsoft/trocr-large-handwritten/revision/main "HTTP/1.1 200 OK"
2026-10-07 16:19:19,319 | INFO | HTTP Request: GET https://huggingface.co/api/models/microsoft/trocr-large-handwritten/tree/main/additional_chat_templates?recursive=false&expand=false "HTTP/1.1 404 Not Found"
2026-10-07 16:19:19,756 | INFO | HTTP Request: GET https://huggingface.co/api/models/microsoft/trocr-large-handwritten/tree/main/additional_chat_templates?recursive=false&expand=false "HTTP/1.1 404 Not Found"
2026-10-07 16:19:20,121 | INFO | HTTP Request: GET https://huggingface.co/api/models/microsoft/trocr-large-handwritten/tree/main?recursive=true&expand=false "HTTP/1.1 200 OK"
2026-10-07 16:19:20,577 | INFO | HTTP Request: GET https://huggingface.co/api/models/microsoft/trocr-large-handwritten/revision/main "HTTP/1.1 200 OK"
2026-10-07 16:19:20,983 | INFO | HTTP Request: HEAD https://huggingface.co/microsoft/trocr-large-handwritten/resolve/main/model.safetensors "HTTP/1.1 404 Not Found"
2026-10-07 16:19:21,344 | INFO | Model loaded from microsoft/trocr-large-handwritten on cpu
2026-10-07 16:19:21,631 | INFO | HTTP Request: GET https://huggingface.co/api/models/microsoft/trocr-large-handwritten "HTTP/1.1 200 OK"
2026-10-07 16:19:22,013 | INFO | HTTP Request: GET https://huggingface.co/api/models/microsoft/trocr-large-handwritten/commits/main "HTTP/1.1 200 OK"
2026-10-07 16:19:22,398 | INFO | HTTP Request: GET https://huggingface.co/api/models/microsoft/trocr-large-handwritten/discussions?p=0 "HTTP/1.1 200 OK"
2026-10-07 16:19:22,802 | INFO | HTTP Request: GET https://huggingface.co/api/models/microsoft/trocr-large-handwritten/commits/refs%2Fpr%2F9 "HTTP/1.1 200 OK"
2026-10-07 16:19:23,172 | INFO | HTTP Request: HEAD https://huggingface.co/microsoft/trocr-large-handwritten/resolve/refs%2Fpr%2F9/model.safetensors.index.json "HTTP/1.1 404 Not Found"
2026-10-07 16:19:23,557 | INFO | HTTP Request: HEAD https://huggingface.co/microsoft/trocr-large-handwritten/resolve/refs%2Fpr%2F9/model.safetensors "HTTP/1.1 302 Found"
2026-10-07 16:20:55,496 | INFO | HTTP Request: GET https://huggingface.co/api/models/microsoft/trocr-large-handwritten/revision/main "HTTP/1.1 200 OK"
2026-10-07 16:20:55,908 | INFO | HTTP Request: GET https://huggingface.co/api/models/microsoft/trocr-large-handwritten/tree/main/additional_chat_templates?recursive=false&expand=false "HTTP/1.1 404 Not Found"
2026-10-07 16:20:56,365 | INFO | HTTP Request: GET https://huggingface.co/api/models/microsoft/trocr-large-handwritten/tree/main/additional_chat_templates?recursive=false&expand=false "HTTP/1.1 404 Not Found"
2026-10-07 16:20:56,755 | INFO | HTTP Request: GET https://huggingface.co/api/models/microsoft/trocr-large-handwritten/tree/main?recursive=true&expand=false "HTTP/1.1 200 OK"
2026-10-07 16:20:57,243 | INFO | HTTP Request: GET https://huggingface.co/api/models/microsoft/trocr-large-handwritten/revision/main "HTTP/1.1 200 OK"
2026-10-07 16:20:57,671 | INFO | HTTP Request: HEAD https://huggingface.co/microsoft/trocr-large-handwritten/resolve/main/model.safetensors "HTTP/1.1 404 Not Found"
2026-10-07 16:20:57,672 | WARNING | Warning: You are sending unauthenticated requests to the HF Hub. Please set a HF_TOKEN to enable higher rate limits and faster downloads.
2026-10-07 16:20:58,212 | INFO | HTTP Request: GET https://huggingface.co/api/models/microsoft/trocr-large-handwritten "HTTP/1.1 200 OK"
2026-10-07 16:20:58,465 | INFO | Model loaded from microsoft/trocr-large-handwritten on cpu
2026-10-07 16:20:58,783 | INFO | HTTP Request: GET https://huggingface.co/api/models/microsoft/trocr-large-handwritten/commits/main "HTTP/1.1 200 OK"
2026-10-07 16:20:59,599 | INFO | HTTP Request: GET https://huggingface.co/api/models/microsoft/trocr-large-handwritten/discussions?p=0 "HTTP/1.1 200 OK"
2026-10-07 16:20:59,986 | INFO | HTTP Request: GET https://huggingface.co/api/models/microsoft/trocr-large-handwritten/commits/refs%2Fpr%2F9 "HTTP/1.1 200 OK"
2026-10-07 16:21:00,704 | INFO | HTTP Request: HEAD https://huggingface.co/microsoft/trocr-large-handwritten/resolve/refs%2Fpr%2F9/model.safetensors.index.json "HTTP/1.1 404 Not Found"
2026-10-07 16:21:01,095 | INFO | HTTP Request: HEAD https://huggingface.co/microsoft/trocr-large-handwritten/resolve/refs%2Fpr%2F9/model.safetensors "HTTP/1.1 302 Found"
2026-10-07 16:22:56,873 | INFO | Page transcribed: 8 lines in 88.23s
2026-10-07 16:23:44,741 | INFO | HTTP Request: GET https://huggingface.co/api/models/microsoft/trocr-large-handwritten/revision/main "HTTP/1.1 200 OK"
2026-10-07 16:23:45,347 | INFO | HTTP Request: GET https://huggingface.co/api/models/microsoft/trocr-large-handwritten/tree/main/additional_chat_templates?recursive=false&expand=false "HTTP/1.1 404 Not Found"
2026-10-07 16:23:45,760 | INFO | HTTP Request: GET https://huggingface.co/api/models/microsoft/trocr-large-handwritten/tree/main/additional_chat_templates?recursive=false&expand=false "HTTP/1.1 404 Not Found"
2026-10-07 16:23:46,130 | INFO | HTTP Request: GET https://huggingface.co/api/models/microsoft/trocr-large-handwritten/tree/main?recursive=true&expand=false "HTTP/1.1 200 OK"
2026-10-07 16:23:46,649 | INFO | HTTP Request: GET https://huggingface.co/api/models/microsoft/trocr-large-handwritten/revision/main "HTTP/1.1 200 OK"
2026-10-07 16:23:47,038 | INFO | HTTP Request: HEAD https://huggingface.co/microsoft/trocr-large-handwritten/resolve/main/model.safetensors "HTTP/1.1 404 Not Found"
2026-10-07 16:23:47,424 | INFO | HTTP Request: GET https://huggingface.co/api/models/microsoft/trocr-large-handwritten "HTTP/1.1 200 OK"
2026-10-07 16:23:47,772 | INFO | Model loaded from microsoft/trocr-large-handwritten on cpu
2026-10-07 16:23:48,026 | INFO | HTTP Request: GET https://huggingface.co/api/models/microsoft/trocr-large-handwritten/commits/main "HTTP/1.1 200 OK"
2026-10-07 16:23:48,469 | INFO | HTTP Request: GET https://huggingface.co/api/models/microsoft/trocr-large-handwritten/discussions?p=0 "HTTP/1.1 200 OK"
2026-10-07 16:23:49,026 | INFO | HTTP Request: GET https://huggingface.co/api/models/microsoft/trocr-large-handwritten/commits/refs%2Fpr%2F9 "HTTP/1.1 200 OK"
2026-10-07 16:23:49,398 | INFO | HTTP Request: HEAD https://huggingface.co/microsoft/trocr-large-handwritten/resolve/refs%2Fpr%2F9/model.safetensors.index.json "HTTP/1.1 404 Not Found"
2026-10-07 16:23:49,785 | INFO | HTTP Request: HEAD https://huggingface.co/microsoft/trocr-large-handwritten/resolve/refs%2Fpr%2F9/model.safetensors "HTTP/1.1 302 Found"
2026-10-07 16:26:49,029 | INFO | Page transcribed: 5 lines in 89.87s
2026-10-07 16:29:57,670 | INFO | Page transcribed: 8 lines in 87.45s
2026-10-07 16:33:00,438 | INFO | HTTP Request: GET https://huggingface.co/api/models/microsoft/trocr-large-handwritten/revision/main "HTTP/1.1 200 OK"
2026-10-07 16:33:00,803 | INFO | HTTP Request: GET https://huggingface.co/api/models/microsoft/trocr-large-handwritten/tree/main/additional_chat_templates?recursive=false&expand=false "HTTP/1.1 404 Not Found"
2026-10-07 16:33:01,223 | INFO | HTTP Request: GET https://huggingface.co/api/models/microsoft/trocr-large-handwritten/tree/main/additional_chat_templates?recursive=false&expand=false "HTTP/1.1 404 Not Found"
2026-10-07 16:33:02,044 | INFO | HTTP Request: GET https://huggingface.co/api/models/microsoft/trocr-large-handwritten/tree/main?recursive=true&expand=false "HTTP/1.1 200 OK"
2026-10-07 16:33:02,539 | INFO | HTTP Request: GET https://huggingface.co/api/models/microsoft/trocr-large-handwritten/revision/main "HTTP/1.1 200 OK"
2026-10-07 16:33:03,342 | INFO | HTTP Request: HEAD https://huggingface.co/microsoft/trocr-large-handwritten/resolve/main/model.safetensors "HTTP/1.1 404 Not Found"
2026-10-07 16:33:03,752 | INFO | HTTP Request: GET https://huggingface.co/api/models/microsoft/trocr-large-handwritten "HTTP/1.1 200 OK"
2026-10-07 16:33:04,075 | INFO | Model loaded from microsoft/trocr-large-handwritten on cpu
2026-10-07 16:33:04,153 | INFO | HTTP Request: GET https://huggingface.co/api/models/microsoft/trocr-large-handwritten/commits/main "HTTP/1.1 200 OK"
2026-10-07 16:33:04,529 | INFO | HTTP Request: GET https://huggingface.co/api/models/microsoft/trocr-large-handwritten/discussions?p=0 "HTTP/1.1 200 OK"
2026-10-07 16:33:05,157 | INFO | HTTP Request: GET https://huggingface.co/api/models/microsoft/trocr-large-handwritten/commits/refs%2Fpr%2F9 "HTTP/1.1 200 OK"
2026-10-07 16:33:06,049 | INFO | HTTP Request: HEAD https://huggingface.co/microsoft/trocr-large-handwritten/resolve/refs%2Fpr%2F9/model.safetensors.index.json "HTTP/1.1 404 Not Found"
2026-10-07 16:33:06,509 | INFO | HTTP Request: HEAD https://huggingface.co/microsoft/trocr-large-handwritten/resolve/refs%2Fpr%2F9/model.safetensors "HTTP/1.1 302 Found"
2026-10-07 16:38:20,412 | INFO | Model loaded from microsoft/trocr-large-handwritten on cpu
2026-10-07 16:45:58,717 | INFO | HTTP Request: GET https://huggingface.co/api/models/microsoft/trocr-large-handwritten/revision/main "HTTP/1.1 200 OK"
2026-10-07 16:45:59,157 | INFO | HTTP Request: GET https://huggingface.co/api/models/microsoft/trocr-large-handwritten/tree/main/additional_chat_templates?recursive=false&expand=false "HTTP/1.1 404 Not Found"
2026-10-07 16:45:59,625 | INFO | HTTP Request: GET https://huggingface.co/api/models/microsoft/trocr-large-handwritten/tree/main/additional_chat_templates?recursive=false&expand=false "HTTP/1.1 404 Not Found"
2026-10-07 16:46:00,033 | INFO | HTTP Request: GET https://huggingface.co/api/models/microsoft/trocr-large-handwritten/tree/main?recursive=true&expand=false "HTTP/1.1 200 OK"
2026-10-07 16:46:01,788 | INFO | HTTP Request: GET https://huggingface.co/api/models/microsoft/trocr-large-handwritten/revision/main "HTTP/1.1 200 OK"
2026-10-07 16:46:02,508 | INFO | HTTP Request: HEAD https://huggingface.co/microsoft/trocr-large-handwritten/resolve/main/model.safetensors "HTTP/1.1 404 Not Found"
2026-10-07 16:46:02,508 | WARNING | Warning: You are sending unauthenticated requests to the HF Hub. Please set a HF_TOKEN to enable higher rate limits and faster downloads.
2026-10-07 16:46:03,030 | INFO | HTTP Request: GET https://huggingface.co/api/models/microsoft/trocr-large-handwritten "HTTP/1.1 200 OK"
2026-10-07 16:46:03,445 | INFO | HTTP Request: GET https://huggingface.co/api/models/microsoft/trocr-large-handwritten/commits/main "HTTP/1.1 200 OK"
2026-10-07 16:46:03,477 | INFO | Model loaded from microsoft/trocr-large-handwritten on cpu
2026-10-07 16:46:04,230 | INFO | HTTP Request: GET https://huggingface.co/api/models/microsoft/trocr-large-handwritten/discussions?p=0 "HTTP/1.1 200 OK"
2026-10-07 16:46:04,656 | INFO | HTTP Request: GET https://huggingface.co/api/models/microsoft/trocr-large-handwritten/commits/refs%2Fpr%2F9 "HTTP/1.1 200 OK"
2026-10-07 16:46:05,054 | INFO | HTTP Request: HEAD https://huggingface.co/microsoft/trocr-large-handwritten/resolve/refs%2Fpr%2F9/model.safetensors.index.json "HTTP/1.1 404 Not Found"
2026-10-07 16:46:05,598 | INFO | HTTP Request: HEAD https://huggingface.co/microsoft/trocr-large-handwritten/resolve/refs%2Fpr%2F9/model.safetensors "HTTP/1.1 302 Found"
2026-10-07 16:48:22,054 | INFO | Page transcribed: 8 lines in 90.21s
2026-10-07 16:52:04,583 | INFO | HTTP Request: GET https://huggingface.co/api/models/microsoft/trocr-base-handwritten/revision/main "HTTP/1.1 200 OK"
2026-10-07 16:52:05,650 | INFO | HTTP Request: GET https://huggingface.co/api/models/microsoft/trocr-base-handwritten/tree/main/additional_chat_templates?recursive=false&expand=false "HTTP/1.1 404 Not Found"
2026-10-07 16:52:06,055 | INFO | HTTP Request: GET https://huggingface.co/api/models/microsoft/trocr-base-handwritten/tree/main/additional_chat_templates?recursive=false&expand=false "HTTP/1.1 404 Not Found"
2026-10-07 16:52:06,529 | INFO | HTTP Request: GET https://huggingface.co/api/models/microsoft/trocr-base-handwritten/tree/main?recursive=true&expand=false "HTTP/1.1 200 OK"
2026-10-07 16:52:07,045 | INFO | HTTP Request: GET https://huggingface.co/api/models/microsoft/trocr-base-handwritten/revision/main "HTTP/1.1 200 OK"
2026-10-07 16:52:10,484 | INFO | Model loaded from microsoft/trocr-base-handwritten on cpu
2026-10-07 16:53:33,124 | INFO | Page transcribed: 8 lines in 75.86s
